#! /c/Source/iverilog-install/bin/vvp
:ivl_version "12.0 (devel)" "(s20150603-1539-g2693dd32b)";
:ivl_delay_selection "TYPICAL";
:vpi_time_precision - 12;
:vpi_module "C:\iverilog\lib\ivl\system.vpi";
:vpi_module "C:\iverilog\lib\ivl\vhdl_sys.vpi";
:vpi_module "C:\iverilog\lib\ivl\vhdl_textio.vpi";
:vpi_module "C:\iverilog\lib\ivl\v2005_math.vpi";
:vpi_module "C:\iverilog\lib\ivl\va_math.vpi";
S_0000027f0289a800 .scope module, "ssd_tb" "ssd_tb" 2 3;
 .timescale -9 -12;
v0000027f02956ca0_0 .var "digit", 3 0;
v0000027f02956d40_0 .net "pgfedcba", 7 0, v0000027f0289bea0_0;  1 drivers
S_0000027f02956b10 .scope module, "uut" "ssd" 2 8, 3 1 0, S_0000027f0289a800;
 .timescale 0 0;
    .port_info 0 /INPUT 4 "digit";
    .port_info 1 /OUTPUT 8 "pgfedcba";
v0000027f02922ed0_0 .net "digit", 3 0, v0000027f02956ca0_0;  1 drivers
v0000027f0289bea0_0 .var "pgfedcba", 7 0;
E_0000027f02898e90 .event anyedge, v0000027f02922ed0_0;
    .scope S_0000027f02956b10;
T_0 ;
    %wait E_0000027f02898e90;
    %load/vec4 v0000027f02922ed0_0;
    %dup/vec4;
    %pushi/vec4 0, 0, 4;
    %cmp/u;
    %jmp/1 T_0.0, 6;
    %dup/vec4;
    %pushi/vec4 1, 0, 4;
    %cmp/u;
    %jmp/1 T_0.1, 6;
    %dup/vec4;
    %pushi/vec4 2, 0, 4;
    %cmp/u;
    %jmp/1 T_0.2, 6;
    %dup/vec4;
    %pushi/vec4 3, 0, 4;
    %cmp/u;
    %jmp/1 T_0.3, 6;
    %dup/vec4;
    %pushi/vec4 4, 0, 4;
    %cmp/u;
    %jmp/1 T_0.4, 6;
    %dup/vec4;
    %pushi/vec4 5, 0, 4;
    %cmp/u;
    %jmp/1 T_0.5, 6;
    %dup/vec4;
    %pushi/vec4 6, 0, 4;
    %cmp/u;
    %jmp/1 T_0.6, 6;
    %dup/vec4;
    %pushi/vec4 7, 0, 4;
    %cmp/u;
    %jmp/1 T_0.7, 6;
    %dup/vec4;
    %pushi/vec4 8, 0, 4;
    %cmp/u;
    %jmp/1 T_0.8, 6;
    %dup/vec4;
    %pushi/vec4 9, 0, 4;
    %cmp/u;
    %jmp/1 T_0.9, 6;
    %pushi/vec4 0, 0, 8;
    %store/vec4 v0000027f0289bea0_0, 0, 8;
    %jmp T_0.11;
T_0.0 ;
    %pushi/vec4 63, 0, 8;
    %store/vec4 v0000027f0289bea0_0, 0, 8;
    %jmp T_0.11;
T_0.1 ;
    %pushi/vec4 6, 0, 8;
    %store/vec4 v0000027f0289bea0_0, 0, 8;
    %jmp T_0.11;
T_0.2 ;
    %pushi/vec4 91, 0, 8;
    %store/vec4 v0000027f0289bea0_0, 0, 8;
    %jmp T_0.11;
T_0.3 ;
    %pushi/vec4 79, 0, 8;
    %store/vec4 v0000027f0289bea0_0, 0, 8;
    %jmp T_0.11;
T_0.4 ;
    %pushi/vec4 102, 0, 8;
    %store/vec4 v0000027f0289bea0_0, 0, 8;
    %jmp T_0.11;
T_0.5 ;
    %pushi/vec4 109, 0, 8;
    %store/vec4 v0000027f0289bea0_0, 0, 8;
    %jmp T_0.11;
T_0.6 ;
    %pushi/vec4 125, 0, 8;
    %store/vec4 v0000027f0289bea0_0, 0, 8;
    %jmp T_0.11;
T_0.7 ;
    %pushi/vec4 7, 0, 8;
    %store/vec4 v0000027f0289bea0_0, 0, 8;
    %jmp T_0.11;
T_0.8 ;
    %pushi/vec4 127, 0, 8;
    %store/vec4 v0000027f0289bea0_0, 0, 8;
    %jmp T_0.11;
T_0.9 ;
    %pushi/vec4 111, 0, 8;
    %store/vec4 v0000027f0289bea0_0, 0, 8;
    %jmp T_0.11;
T_0.11 ;
    %pop/vec4 1;
    %jmp T_0;
    .thread T_0, $push;
    .scope S_0000027f0289a800;
T_1 ;
    %vpi_call 2 15 "$monitor", "Time: %0d, Digit: %b, SSD Output: %b", $time, v0000027f02956ca0_0, v0000027f02956d40_0 {0 0 0};
    %vpi_call 2 16 "$dumpfile", "ssd_tb.vcd" {0 0 0};
    %vpi_call 2 17 "$dumpvars", 32'sb00000000000000000000000000000000, S_0000027f0289a800 {0 0 0};
    %pushi/vec4 0, 0, 4;
    %store/vec4 v0000027f02956ca0_0, 0, 4;
    %delay 10000, 0;
    %pushi/vec4 1, 0, 4;
    %store/vec4 v0000027f02956ca0_0, 0, 4;
    %delay 10000, 0;
    %pushi/vec4 2, 0, 4;
    %store/vec4 v0000027f02956ca0_0, 0, 4;
    %delay 10000, 0;
    %pushi/vec4 3, 0, 4;
    %store/vec4 v0000027f02956ca0_0, 0, 4;
    %delay 10000, 0;
    %pushi/vec4 4, 0, 4;
    %store/vec4 v0000027f02956ca0_0, 0, 4;
    %delay 10000, 0;
    %pushi/vec4 5, 0, 4;
    %store/vec4 v0000027f02956ca0_0, 0, 4;
    %delay 10000, 0;
    %pushi/vec4 6, 0, 4;
    %store/vec4 v0000027f02956ca0_0, 0, 4;
    %delay 10000, 0;
    %pushi/vec4 7, 0, 4;
    %store/vec4 v0000027f02956ca0_0, 0, 4;
    %delay 10000, 0;
    %pushi/vec4 8, 0, 4;
    %store/vec4 v0000027f02956ca0_0, 0, 4;
    %delay 10000, 0;
    %pushi/vec4 9, 0, 4;
    %store/vec4 v0000027f02956ca0_0, 0, 4;
    %delay 10000, 0;
    %vpi_call 2 29 "$finish" {0 0 0};
    %end;
    .thread T_1;
# The file index is used to find the file name in the following table.
:file_names 4;
    "N/A";
    "<interactive>";
    "ssd.tb.v";
    "ssd.v";
